---
source: lowlevel/src/tests.rs
expression: "d.exec(&Command::parse(r#\"(assert (< x 0))\"#)?)?"
---
Success
