---
source: lowlevel/src/tests.rs
expression: "d.exec(&Command::Echo(r#\"\"Hello, world!\"\"#.to_string()))?"
---
SpecificSuccessResponse(GetProofResponse(GetProofResponse(SpecConstant(String("\"Hello, world!\"")))))
